apiVersion: networking.k8s.io/v1
kind: NetworkPolicy
metadata:
  annotations: {}
  labels:
    name: alertmanager-allow-web
  name: alertmanager-allow-web
  namespace: openshift-monitoring
spec:
  ingress:
    - from:
        - namespaceSelector: {}
      ports:
        - port: 9092
          protocol: TCP
        - port: 9093
          protocol: TCP
        - port: 9095
          protocol: TCP
        - port: 9097
          protocol: TCP
  podSelector:
    matchLabels:
      app.kubernetes.io/name: alertmanager
  policyTypes:
    - Ingress
---
apiVersion: networking.k8s.io/v1
kind: NetworkPolicy
metadata:
  annotations: {}
  labels:
    name: allow-same-namespace
  name: allow-same-namespace
  namespace: openshift-monitoring
spec:
  ingress:
    - from:
        - podSelector: {}
  podSelector: {}
  policyTypes:
    - Ingress
---
apiVersion: networking.k8s.io/v1
kind: NetworkPolicy
metadata:
  annotations: {}
  labels:
    name: allow-non-alertmanager
  name: allow-non-alertmanager
  namespace: openshift-monitoring
spec:
  ingress:
    - {}
  podSelector:
    matchExpressions:
      - key: app.kubernetes.io/name
        operator: NotIn
        values:
          - alertmanager
  policyTypes:
    - Ingress
---
apiVersion: cilium.io/v2
kind: CiliumNetworkPolicy
metadata:
  annotations:
    syn.tools/description: |
      Note that this policy isn't named allow-from-cluster-nodes, even
      though its content is identical to ensure that Espejo doesn't delete
      the policy.
  name: allow-from-cluster-nodes-custom
  namespace: openshift-monitoring
spec:
  endpointSelector: {}
  ingress:
    - fromEntities:
        - host
        - remote-node
