apiVersion: v1
data:
  config.yaml: |-
    "alertmanagerMain":
      "nodeSelector":
        "node-role.kubernetes.io/infra": ""
      "volumeClaimTemplate":
        "spec":
          "resources":
            "requests":
              "storage": "2Gi"
    "enableUserWorkload": true
    "grafana":
      "nodeSelector":
        "node-role.kubernetes.io/infra": ""
    "k8sPrometheusAdapter":
      "nodeSelector":
        "node-role.kubernetes.io/infra": ""
    "kubeStateMetrics":
      "nodeSelector":
        "node-role.kubernetes.io/infra": ""
    "openshiftStateMetrics":
      "nodeSelector":
        "node-role.kubernetes.io/infra": ""
    "prometheusK8s":
      "externalLabels":
        "cluster_id": "c-green-test-1234"
        "cluster_name": "Test Cluster 1234"
        "tenant_id": "t-silent-test-1234"
        "tenant_name": "Test Tenant 1234"
      "nodeSelector":
        "node-role.kubernetes.io/infra": ""
      "retention": "8d"
      "volumeClaimTemplate":
        "spec":
          "resources":
            "requests":
              "storage": "50Gi"
    "prometheusOperator":
      "nodeSelector":
        "node-role.kubernetes.io/infra": ""
    "telemeterClient":
      "nodeSelector":
        "node-role.kubernetes.io/infra": ""
    "thanosQuerier":
      "nodeSelector":
        "node-role.kubernetes.io/infra": ""
kind: ConfigMap
metadata:
  annotations: {}
  labels:
    name: cluster-monitoring-config
  name: cluster-monitoring-config
  namespace: openshift-monitoring
