apiVersion: v1
data:
  config.yaml: |-
    "alertmanager":
      "enableAlertmanagerConfig": true
      "enabled": true
      "nodeSelector":
        "node-role.kubernetes.io/infra": ""
      "volumeClaimTemplate":
        "spec":
          "resources":
            "requests":
              "storage": "2Gi"
    "prometheus":
      "externalLabels":
        "cluster_id": "c-green-test-1234-user-workload"
        "cluster_name": "Test Cluster 1234 User Workload"
        "tenant_id": "t-silent-test-1234"
        "tenant_name": "Test Tenant 1234"
      "nodeSelector":
        "node-role.kubernetes.io/infra": ""
      "remoteWrite": []
      "retention": "8d"
      "volumeClaimTemplate":
        "spec":
          "resources":
            "requests":
              "storage": "50Gi"
    "prometheusOperator":
      "nodeSelector":
        "node-role.kubernetes.io/infra": ""
    "thanosRuler":
      "nodeSelector":
        "node-role.kubernetes.io/infra": ""
kind: ConfigMap
metadata:
  annotations: {}
  labels:
    name: user-workload-monitoring-config
  name: user-workload-monitoring-config
  namespace: openshift-user-workload-monitoring
