apiVersion: monitoring.coreos.com/v1
kind: PrometheusRule
metadata:
  labels:
    espejote.io/created-by: openshift4-monitoring-rules
  name: syn-syn-prometheus-rules-testing
  namespace: openshift-monitoring
spec:
  groups:
    - name: Special
      rules:
        - alert: Watchdog
          expr: |
            vector(1)
          labels:
            syn: 'true'
            syn_component: openshift4-monitoring
    - name: DontDropThisGroup
      rules:
        - alert: SYN_TestNamespaceReplacement
          expr: |
            max_over_time(kube_pod_container_status_waiting_reason{reason="CrashLoopBackOff", namespace=~"(appuio.*|cilium|default|kube-.*|openshift-.*|syn.*)",job="kube-state-metrics"}[5m]) >= 1
          for: 15m
          labels:
            syn: 'true'
            syn_component: openshift4-monitoring
        - alert: SYN_TestDontDropSeverityWarning
          expr: |
            max_over_time(kube_pod_container_status_waiting_reason{reason="CrashLoopBackOff"}[5m]) >= 1
          for: 15m
          labels:
            severity: warning
            syn: 'true'
            syn_component: openshift4-monitoring
        - alert: SYN_TestDontIgnoreUserWorkload
          expr: |
            min by (cluster,controller,namespace) (max_over_time(prometheus_operator_ready{job="prometheus-operator", namespace=~"openshift-monitoring|openshift-user-workload-monitoring"}[5m]) == 0)
          for: 15m
          labels:
            severity: warning
            syn: 'true'
            syn_component: openshift4-monitoring
        - alert: SYN_TestUserWorkloadNamespace
          expr: |
            min by (cluster,controller,namespace) (max_over_time(prometheus_operator_ready{job="prometheus-operator", namespace="openshift-monitoring"}[5m]) == 0)
          for: 15m
          labels:
            severity: warning
            syn: 'true'
            syn_component: openshift4-monitoring
        - alert: SYN_TestUserWorkloadAlertmanager
          expr: |
            max_over_time(alertmanager_config_last_reload_successful{job="alertmanager-main"}[5m]) == 0
          for: 15m
          labels:
            severity: warning
            syn: 'true'
            syn_component: openshift4-monitoring
        - alert: SYN_TestUserWorkloadPrometheus
          expr: |
            max_over_time(prometheus_remote_storage_shards_max{job="prometheus-k8s"}[5m])
          for: 15m
          labels:
            severity: warning
            syn: 'true'
            syn_component: openshift4-monitoring
        - alert: SYN_TestPatchRule
          expr: |
            max_over_time(prometheus_remote_storage_shards_max{job=~"prometheus-k8s|prometheus-user-workload"}[5m])
          for: 30m
          labels:
            additional: test
            severity: critical
            syn: 'true'
            syn_component: openshift4-monitoring
