apiVersion: rbac.authorization.k8s.io/v1
kind: ClusterRole
metadata:
  annotations:
    syn_component: openshift4-monitoring
  labels:
    name: syn-prometheus-auto-discovery
  name: syn-prometheus-auto-discovery
rules:
  - apiGroups:
      - ''
    resources:
      - pods
      - services
      - endpoints
    verbs:
      - get
      - list
      - watch
  - apiGroups:
      - networking.k8s.io
    resources:
      - ingresses
    verbs:
      - get
      - list
      - watch
---
apiVersion: rbac.authorization.k8s.io/v1
kind: ClusterRoleBinding
metadata:
  annotations:
    syn_component: openshift4-monitoring
  labels:
    name: syn-prometheus-auto-discovery
  name: syn-prometheus-auto-discovery
roleRef:
  apiGroup: rbac.authorization.k8s.io
  kind: ClusterRole
  name: syn-prometheus-auto-discovery
subjects:
  - kind: ServiceAccount
    name: prometheus-k8s
    namespace: openshift-monitoring
