apiVersion: monitoring.coreos.com/v1
kind: PrometheusRule
metadata:
  annotations: {}
  labels:
    name: custom-rules
  name: custom-rules
spec:
  groups:
    - name: group-a
      rules:
        - alert: FooLow
          annotations:
            summary: Less than 10 Foos for 5 minutes
          expr: foo:sum < 10
          for: 5m
          labels:
            severity: warning
            syn: 'true'
            syn_component: openshift4-monitoring
        - expr: sum(irate(bar[5m]))
          record: bar:irate5m
        - expr: sum(foo)
          record: foo:sum
    - name: group_b
      rules:
        - alert: AlertsFiring
          annotations:
            summary: Alerts have been firing for 15 minutes
          expr: ALERTS{alertstate="firing"} > 0
          for: 15m
          labels:
            syn: 'true'
            syn_component: openshift4-monitoring
