apiVersion: v1
data:
  config.yaml: "\"alertmanagerMain\":\n  \"nodeSelector\":\n    \"node-role.kubernetes.io/infra\"\
    : \"\"\n  \"volumeClaimTemplate\":\n    \"spec\":\n      \"resources\":\n    \
    \    \"requests\":\n          \"storage\": \"2Gi\"\n\"enableUserWorkload\": false\n\
    \"grafana\":\n  \"nodeSelector\":\n    \"node-role.kubernetes.io/infra\": \"\"\
    \n\"k8sPrometheusAdapter\":\n  \"nodeSelector\":\n    \"node-role.kubernetes.io/infra\"\
    : \"\"\n\"kubeStateMetrics\":\n  \"nodeSelector\":\n    \"node-role.kubernetes.io/infra\"\
    : \"\"\n\"openshiftStateMetrics\":\n  \"nodeSelector\":\n    \"node-role.kubernetes.io/infra\"\
    : \"\"\n\"prometheusK8s\":\n  \"externalLabels\":\n    \"cluster_id\": \"c-green-test-1234\"\
    \n    \"tenant_id\": \"t-silent-test-1234\"\n  \"nodeSelector\":\n    \"node-role.kubernetes.io/infra\"\
    : \"\"\n  \"retention\": \"8d\"\n  \"volumeClaimTemplate\":\n    \"spec\":\n \
    \     \"resources\":\n        \"requests\":\n          \"storage\": \"50Gi\"\n\
    \"prometheusOperator\":\n  \"nodeSelector\":\n    \"node-role.kubernetes.io/infra\"\
    : \"\"\n\"telemeterClient\":\n  \"nodeSelector\":\n    \"node-role.kubernetes.io/infra\"\
    : \"\"\n\"thanosQuerier\":\n  \"nodeSelector\":\n    \"node-role.kubernetes.io/infra\"\
    : \"\""
kind: ConfigMap
metadata:
  annotations: {}
  labels:
    name: cluster-monitoring-config
  name: cluster-monitoring-config
  namespace: openshift-monitoring
