apiVersion: v1
data: {}
kind: Secret
metadata:
  annotations: {}
  labels:
    name: thanos-sidecar-objstorage
  name: thanos-sidecar-objstorage
  namespace: openshift-monitoring
stringData:
  thanos.yaml: "config:\n  access_key: \"t-silent-test-1234/c-green-test-1234/thanos/s3_access_key\"\
    \n  bucket: \"c-green-test-1234-cluster-monitoring-thanos\"\n  endpoint: \"objects.lpg.cloudscale.ch\"\
    \n  secret_key: \"t-silent-test-1234/c-green-test-1234/thanos/s3_secret_key\"\n\
    type: \"s3\""
type: Opaque
