apiVersion: rbac.authorization.k8s.io/v1
kind: ClusterRole
metadata:
  annotations: {}
  labels:
    name: syn-openshift4-monitoring-cluster-reader
    rbac.authorization.k8s.io/aggregate-to-cluster-reader: 'true'
  name: syn-openshift4-monitoring-cluster-reader
rules:
  - apiGroups:
      - monitoring.coreos.com
    resources:
      - '*'
    verbs:
      - get
      - list
      - watch
