apiVersion: v1
data: {}
kind: Secret
metadata:
  annotations: {}
  labels:
    name: remote-write
  name: remote-write
stringData:
  password: prometheus
  username: prometheus
type: Opaque
---
apiVersion: v1
data: {}
kind: Secret
metadata:
  annotations: {}
  labels:
    name: remote-write-user
  name: remote-write-user
  namespace: openshift-user-workload-monitoring
stringData:
  password: prometheus
  username: prometheus
type: Opaque
