apiVersion: v1
kind: Namespace
metadata:
  annotations:
    openshift.io/node-selector: node-role.kubernetes.io/infra=
  labels:
    network.openshift.io/policy-group: monitoring
    openshift.io/cluster-monitoring: 'true'
  name: syn-openshift4-monitoring-thanos-receiver
