apiVersion: monitoring.coreos.com/v1
kind: PrometheusRule
metadata:
  annotations: {}
  labels:
    name: thanos-receive
  name: thanos-receive
  namespace: syn-openshift4-monitoring-thanos-receiver
spec:
  groups:
    - name: thanos-receive
      rules:
        - alert: ThanosReceiveHttpRequestErrorRateHigh
          annotations:
            description: Thanos Receive {{$labels.job}} is failing to handle {{$value
              | humanize}}% of requests.
            runbook_url: https://github.com/thanos-io/thanos/tree/main/mixin/runbook.md#alert-name-thanosreceivehttprequesterrorratehigh
            summary: Thanos Receive is failing to handle requests.
          expr: "(\n  sum by (job) (rate(http_requests_total{code=~\"5..\", job=~\"\
            .*thanos-receive.*\", namespace=~\"syn-openshift4-monitoring-thanos-receiver\"\
            , handler=\"receive\"}[5m]))\n/\n  sum by (job) (rate(http_requests_total{job=~\"\
            .*thanos-receive.*\", namespace=~\"syn-openshift4-monitoring-thanos-receiver\"\
            , handler=\"receive\"}[5m]))\n) * 100 > 5\n"
          for: 5m
          labels:
            severity: critical
            syn: 'true'
            syn_component: openshift4-monitoring
        - alert: ThanosReceiveHttpRequestLatencyHigh
          annotations:
            description: Thanos Receive {{$labels.job}} has a 99th percentile latency
              of {{ $value }} seconds for requests.
            runbook_url: https://github.com/thanos-io/thanos/tree/main/mixin/runbook.md#alert-name-thanosreceivehttprequestlatencyhigh
            summary: Thanos Receive has high HTTP requests latency.
          expr: "(\n  histogram_quantile(0.99, sum by (job, le) (rate(http_request_duration_seconds_bucket{job=~\"\
            .*thanos-receive.*\", namespace=~\"syn-openshift4-monitoring-thanos-receiver\"\
            , handler=\"receive\"}[5m]))) > 10\nand\n  sum by (job) (rate(http_request_duration_seconds_count{job=~\"\
            .*thanos-receive.*\", namespace=~\"syn-openshift4-monitoring-thanos-receiver\"\
            , handler=\"receive\"}[5m])) > 0\n)\n"
          for: 10m
          labels:
            severity: critical
            syn: 'true'
            syn_component: openshift4-monitoring
        - alert: ThanosReceiveHighReplicationFailures
          annotations:
            description: Thanos Receive {{$labels.job}} is failing to replicate {{$value
              | humanize}}% of requests.
            runbook_url: https://github.com/thanos-io/thanos/tree/main/mixin/runbook.md#alert-name-thanosreceivehighreplicationfailures
            summary: Thanos Receive is having high number of replication failures.
          expr: "thanos_receive_replication_factor > 1\n  and\n(\n  (\n    sum by\
            \ (job) (rate(thanos_receive_replications_total{result=\"error\", job=~\"\
            .*thanos-receive.*\", namespace=~\"syn-openshift4-monitoring-thanos-receiver\"\
            }[5m]))\n  /\n    sum by (job) (rate(thanos_receive_replications_total{job=~\"\
            .*thanos-receive.*\", namespace=~\"syn-openshift4-monitoring-thanos-receiver\"\
            }[5m]))\n  )\n  >\n  (\n    max by (job) (floor((thanos_receive_replication_factor{job=~\"\
            .*thanos-receive.*\", namespace=~\"syn-openshift4-monitoring-thanos-receiver\"\
            }+1) / 2))\n  /\n    max by (job) (thanos_receive_hashring_nodes{job=~\"\
            .*thanos-receive.*\", namespace=~\"syn-openshift4-monitoring-thanos-receiver\"\
            })\n  )\n) * 100\n"
          for: 5m
          labels:
            severity: warning
            syn: 'true'
            syn_component: openshift4-monitoring
        - alert: ThanosReceiveHighForwardRequestFailures
          annotations:
            description: Thanos Receive {{$labels.job}} is failing to forward {{$value
              | humanize}}% of requests.
            runbook_url: https://github.com/thanos-io/thanos/tree/main/mixin/runbook.md#alert-name-thanosreceivehighforwardrequestfailures
            summary: Thanos Receive is failing to forward requests.
          expr: "(\n  sum by (job) (rate(thanos_receive_forward_requests_total{result=\"\
            error\", job=~\".*thanos-receive.*\", namespace=~\"syn-openshift4-monitoring-thanos-receiver\"\
            }[5m]))\n/\n  sum by (job) (rate(thanos_receive_forward_requests_total{job=~\"\
            .*thanos-receive.*\", namespace=~\"syn-openshift4-monitoring-thanos-receiver\"\
            }[5m]))\n) * 100 > 20\n"
          for: 5m
          labels:
            severity: info
            syn: 'true'
            syn_component: openshift4-monitoring
        - alert: ThanosReceiveHighHashringFileRefreshFailures
          annotations:
            description: Thanos Receive {{$labels.job}} is failing to refresh hashring
              file, {{$value | humanize}} of attempts failed.
            runbook_url: https://github.com/thanos-io/thanos/tree/main/mixin/runbook.md#alert-name-thanosreceivehighhashringfilerefreshfailures
            summary: Thanos Receive is failing to refresh hasring file.
          expr: "(\n  sum by (job) (rate(thanos_receive_hashrings_file_errors_total{job=~\"\
            .*thanos-receive.*\", namespace=~\"syn-openshift4-monitoring-thanos-receiver\"\
            }[5m]))\n/\n  sum by (job) (rate(thanos_receive_hashrings_file_refreshes_total{job=~\"\
            .*thanos-receive.*\", namespace=~\"syn-openshift4-monitoring-thanos-receiver\"\
            }[5m]))\n> 0\n)\n"
          for: 15m
          labels:
            severity: warning
            syn: 'true'
            syn_component: openshift4-monitoring
        - alert: ThanosReceiveConfigReloadFailure
          annotations:
            description: Thanos Receive {{$labels.job}} has not been able to reload
              hashring configurations.
            runbook_url: https://github.com/thanos-io/thanos/tree/main/mixin/runbook.md#alert-name-thanosreceiveconfigreloadfailure
            summary: Thanos Receive has not been able to reload configuration.
          expr: avg by (job) (thanos_receive_config_last_reload_successful{job=~".*thanos-receive.*",
            namespace=~"syn-openshift4-monitoring-thanos-receiver"}) != 1
          for: 5m
          labels:
            severity: warning
            syn: 'true'
            syn_component: openshift4-monitoring
        - alert: ThanosReceiveNoUpload
          annotations:
            description: Thanos Receive {{$labels.instance}} has not uploaded latest
              data to object storage.
            runbook_url: https://github.com/thanos-io/thanos/tree/main/mixin/runbook.md#alert-name-thanosreceivenoupload
            summary: Thanos Receive has not uploaded latest data to object storage.
          expr: '(up{job=~".*thanos-receive.*", namespace=~"syn-openshift4-monitoring-thanos-receiver"}
            - 1)

            + on (job, instance) # filters to only alert on current instance last
            3h

            (sum by (job, instance) (increase(thanos_shipper_uploads_total{job=~".*thanos-receive.*",
            namespace=~"syn-openshift4-monitoring-thanos-receiver"}[3h])) == 0)

            '
          for: 3h
          labels:
            severity: critical
            syn: 'true'
            syn_component: openshift4-monitoring
        - alert: ThanosReceiveTrafficBelowThreshold
          annotations:
            description: At Thanos Receive {{$labels.job}} in {{$labels.namespace}}
              , the average 1-hr avg. metrics ingestion rate  is {{$value | humanize}}%
              of 12-hr avg. ingestion rate.
            runbook_url: https://github.com/thanos-io/thanos/tree/main/mixin/runbook.md#alert-name-thanosreceivetrafficbelowthreshold
            summary: Thanos Receive is experiencing low avg. 1-hr ingestion rate relative
              to avg. 12-hr ingestion rate.
          expr: "(\n  avg_over_time(rate(http_requests_total{job=~\".*thanos-receive.*\"\
            , namespace=~\"syn-openshift4-monitoring-thanos-receiver\", code=~\"2..\"\
            , handler=\"receive\"}[5m])[1h:5m])\n/\n  avg_over_time(rate(http_requests_total{job=~\"\
            .*thanos-receive.*\", namespace=~\"syn-openshift4-monitoring-thanos-receiver\"\
            , code=~\"2..\", handler=\"receive\"}[5m])[12h:5m])\n) * 100 < 50\n"
          for: 1h
          labels:
            severity: warning
            syn: 'true'
            syn_component: openshift4-monitoring
