apiVersion: v1
kind: ServiceAccount
metadata:
  labels:
    app.kubernetes.io/component: database-write-hashring
    app.kubernetes.io/instance: thanos-receive
    app.kubernetes.io/name: thanos-receive
    app.kubernetes.io/version: v0.27.0
  name: thanos-receive
  namespace: syn-openshift4-monitoring-thanos-receiver
