apiVersion: monitoring.coreos.com/v1
kind: ServiceMonitor
metadata:
  labels:
    app.kubernetes.io/component: database-write-hashring
    app.kubernetes.io/instance: thanos-receive
    app.kubernetes.io/name: thanos-receive
    app.kubernetes.io/version: v0.27.0
  name: thanos-receive
  namespace: syn-openshift4-monitoring-thanos-receiver
spec:
  endpoints:
    - port: http
      relabelings:
        - separator: /
          sourceLabels:
            - namespace
            - pod
          targetLabel: instance
  selector:
    matchLabels:
      app.kubernetes.io/component: database-write-hashring
      app.kubernetes.io/instance: thanos-receive
      app.kubernetes.io/name: thanos-receive
